{
  "0":{
    "name":"Grand Circle",
    "rates":[
      {
        "id":"f069b65548b09bdea94a50925bc87653a6e9dbf1",
        "grossPrice":160,
        "links":{
          "roomRates":{
            "ids":[
              "6a98fc1e1efa26b5adc8c3a1a8de8314"
            ],
            "type":"roomRates",
            "href":"/roomRates/6a98fc1e1efa26b5adc8c3a1a8de8314"
          },
          "ticketRates":{
            "ids":[
              "d931d8b0e5fd497a3d7ece298452cccd"
            ],
            "type":"ticketRates",
            "href":"/ticketRates/d931d8b0e5fd497a3d7ece298452cccd",
            "colour":"bronze"
          },
          "hotelProducts":{
            "ids":[
              "ATGHSC"
            ],
            "type":"hotelProducts",
            "href":"/hotelProducts/ATGHSC"
          },
          "roomProducts":{
            "ids":[

            ],
            "type":"roomProducts"
          }
        },
        "href":"/packageRates/f069b65548b09bdea94a50925bc87653a6e9dbf1"
      },
      {
        "id":"efa34ec8a88a422de2ab2b08b7724a6a980e1181",
        "grossPrice":231.42,
        "links":{
          "roomRates":{
            "ids":[
              "6a98fc1e1efa26b5adc8c3a1a8de8314"
            ],
            "type":"roomRates",
            "href":"/roomRates/6a98fc1e1efa26b5adc8c3a1a8de8314"
          },
          "ticketRates":{
            "ids":[
              "5674bbc6124c748e3a072e6619bf5d1e"
            ],
            "type":"ticketRates",
            "href":"/ticketRates/5674bbc6124c748e3a072e6619bf5d1e",
            "colour":"silver"
          },
          "hotelProducts":{
            "ids":[
              "ATGHSC"
            ],
            "type":"hotelProducts",
            "href":"/hotelProducts/ATGHSC"
          },
          "roomProducts":{
            "ids":[

            ],
            "type":"roomProducts"
          }
        },
        "href":"/packageRates/efa34ec8a88a422de2ab2b08b7724a6a980e1181"
      }
    ]
  },
  "1":{
    "name":"Royal Circle",
    "rates":[
      {
        "id":"b720173f29d64ba9a6d8f75cbd61b53cbc300a52",
        "grossPrice":268.58,
        "links":{
          "roomRates":{
            "ids":[
              "6a98fc1e1efa26b5adc8c3a1a8de8314"
            ],
            "type":"roomRates",
            "href":"/roomRates/6a98fc1e1efa26b5adc8c3a1a8de8314"
          },
          "ticketRates":{
            "ids":[
              "3a0d3a08fb2db47c9c19cbd22ec63546"
            ],
            "type":"ticketRates",
            "href":"/ticketRates/3a0d3a08fb2db47c9c19cbd22ec63546",
            "colour":"silver"
          },
          "hotelProducts":{
            "ids":[
              "ATGHSC"
            ],
            "type":"hotelProducts",
            "href":"/hotelProducts/ATGHSC"
          },
          "roomProducts":{
            "ids":[

            ],
            "type":"roomProducts"
          }
        },
        "href":"/packageRates/b720173f29d64ba9a6d8f75cbd61b53cbc300a52"
      },
      {
        "id":"d75c174a1192f22b876984c8b1befec23acc7812",
        "grossPrice":297.14,
        "links":{
          "roomRates":{
            "ids":[
              "6a98fc1e1efa26b5adc8c3a1a8de8314"
            ],
            "type":"roomRates",
            "href":"/roomRates/6a98fc1e1efa26b5adc8c3a1a8de8314"
          },
          "ticketRates":{
            "ids":[
              "7c9d7047e5d7f2000811aadfc2684f14"
            ],
            "type":"ticketRates",
            "href":"/ticketRates/7c9d7047e5d7f2000811aadfc2684f14",
            "colour":"gold"
          },
          "hotelProducts":{
            "ids":[
              "ATGHSC"
            ],
            "type":"hotelProducts",
            "href":"/hotelProducts/ATGHSC"
          },
          "roomProducts":{
            "ids":[

            ],
            "type":"roomProducts"
          }
        },
        "href":"/packageRates/d75c174a1192f22b876984c8b1befec23acc7812"
      }
    ]
  },
  "2":{
    "name":"Stalls",
    "rates":[
      {
        "id":"3e642240119476f3c9ccac975c5099240877eb5d",
        "grossPrice":231.42,
        "links":{
          "roomRates":{
            "ids":[
              "6a98fc1e1efa26b5adc8c3a1a8de8314"
            ],
            "type":"roomRates",
            "href":"/roomRates/6a98fc1e1efa26b5adc8c3a1a8de8314"
          },
          "ticketRates":{
            "ids":[
              "2696ea6822f7967d63e0e56e44dd7511"
            ],
            "type":"ticketRates",
            "href":"/ticketRates/2696ea6822f7967d63e0e56e44dd7511",
            "colour":"silver"
          },
          "hotelProducts":{
            "ids":[
              "ATGHSC"
            ],
            "type":"hotelProducts",
            "href":"/hotelProducts/ATGHSC"
          },
          "roomProducts":{
            "ids":[

            ],
            "type":"roomProducts"
          }
        },
        "href":"/packageRates/3e642240119476f3c9ccac975c5099240877eb5d"
      },
      {
        "id":"428b6d23712200c7479d9a0bf7485259bd7ff433",
        "grossPrice":297.14,
        "links":{
          "roomRates":{
            "ids":[
              "6a98fc1e1efa26b5adc8c3a1a8de8314"
            ],
            "type":"roomRates",
            "href":"/roomRates/6a98fc1e1efa26b5adc8c3a1a8de8314"
          },
          "ticketRates":{
            "ids":[
              "a1eb713edcfe26713f8220d9e3e780b7"
            ],
            "type":"ticketRates",
            "href":"/ticketRates/a1eb713edcfe26713f8220d9e3e780b7",
            "colour":"gold"
          },
          "hotelProducts":{
            "ids":[
              "ATGHSC"
            ],
            "type":"hotelProducts",
            "href":"/hotelProducts/ATGHSC"
          },
          "roomProducts":{
            "ids":[

            ],
            "type":"roomProducts"
          }
        },
        "href":"/packageRates/428b6d23712200c7479d9a0bf7485259bd7ff433"
      }
    ]
  }
}